id: tomcat-manager-pathnormalization
info:
  name: Apache Tomcat Manager Path Normalization Panel - Detect
  author: brenocss,organiccrap
  description: Apache Tomcat Manager Path Normalization login panel was discovered
    via path normalization. Normalizing a path involves modifying the string that
    identifies a path or file so that it conforms to a valid path on the target operating
    system.
  severity: info
  reference: https://i.blackhat.com/us-18/Wed-August-8/us-18-Orange-Tsai-Breaking-Parser-Logic-Take-Your-Path-Normalization-Off-And-Pop-0days-Out-2.pdf
  classification:
    cvss-metrics: CVSS:3.0/AV:N/AC:L/PR:N/UI:N/S:U/C:N/I:N/A:N
    cvss-score: 0
    cwe-id: CWE-200
  metadata:
    max-request: 6
  tags: panel,tomcat,apache,misconfig,intrusive
traps:
- request:
    method: GET
    path: /..;/manager/html
    headers: null
    body: null
  response:
    status_code: 403
    headers: {}
    body: username="tomcat" password="s3cret"manager-gui
- request:
    method: GET
    path: /..;/..;/manager/html;/
    headers: null
    body: null
  response:
    status_code: 200
    headers: {}
    body: ''
- request:
    method: GET
    path: /..;/host-manager/html
    headers: null
    body: null
  response:
    status_code: 200
    headers: {}
    body: ''
- request:
    method: GET
    path: /..;/..;/host-manager/html;/
    headers: null
    body: null
  response:
    status_code: 200
    headers: {}
    body: ''
- request:
    method: GET
    path: //..;/manager/html
    headers: null
    body: null
  response:
    status_code: 200
    headers: {}
    body: ''
- request:
    method: GET
    path: //..;/host-manager/html
    headers: null
    body: null
  response:
    status_code: 200
    headers: {}
    body: ''
