id: aem-crx-search
info:
  name: Adobe AEM CRX Search Exposed
  author: dhiyaneshDk
  description: null
  severity: unknown
  reference:
  - https://raw.githubusercontent.com/danielmiessler/SecLists/master/Discovery/Web-Content/aem2.txt
  metadata:
    max-request: 3
    shodan-query:
    - http.title:"AEM Sign In"
    - http.component:"Adobe Experience Manager"
  tags: misconfig,aem,adobe,exposure
traps:
- request:
    method: GET
    path: /crx/explorer/ui/search.jsp
    headers: null
    body: null
  response:
    status_code: 200
    headers: {}
    body: <title>Search</title>"/crx/explorer/ui/";
- request:
    method: GET
    path: /crx/explorer/ui/search.jsp?Path=&amp;Query=
    headers: null
    body: null
  response:
    status_code: 200
    headers: {}
    body: ''
- request:
    method: GET
    path: /crx/explorer/ui/search.jsp?Path=&Query=
    headers: null
    body: null
  response:
    status_code: 200
    headers: {}
    body: ''
