id: CVE-2023-0777
info:
  name: modoboa  2.0.4 - Admin TakeOver
  author: r3Y3r53
  description: 'Authentication Bypass by Primary Weakness in GitHub repository modoboa/modoboa
    prior to 2.0.4.

    '
  severity: critical
  remediation: update to version 2.0.4
  reference:
  - https://huntr.dev/bounties/a17e7a9f-0fee-4130-a522-5a0466fc17c7/
  - http://packetstormsecurity.com/files/171744/modoboa-2.0.4-Admin-Takeover.html
  - https://github.com/modoboa/modoboa/commit/47d17ac6643f870719691073956a26e4be0a4806
  - https://github.com/7h3h4ckv157/7h3h4ckv157
  classification:
    cvss-metrics: CVSS:3.1/AV:N/AC:L/PR:N/UI:N/S:U/C:H/I:H/A:H
    cvss-score: 9.8
    cve-id: CVE-2023-0777
    cwe-id: CWE-305,NVD-CWE-Other
    epss-score: 0.07913
    epss-percentile: 0.93646
    cpe: cpe:2.3:a:modoboa:modoboa:*:*:*:*:*:*:*:*
  metadata:
    verified: true
    max-request: 3
    vendor: modoboa
    product: modoboa
    shodan-query: html:"Modoboa"
    fofa-query: body="Modoboa"
  tags: cve2023,cve,huntr,packetstorm,modoboa,default-login
traps:
- request:
    method: GET
    path: /accounts/login/
    headers: {}
    body: ''
  response:
    status_code: 200
    headers: {}
    body: ''
- request:
    method: POST
    path: /accounts/login/
    headers:
      Content-Type: application/x-www-form-urlencoded
    body: 'csrfmiddlewaretoken={{csrftoken}}&username={{username}}&password={{password}}&next=%2F

      '
  response:
    status_code: 200
    headers: {}
    body: ''
- request:
    method: GET
    path: /dashboard/
    headers: {}
    body: ''
  response:
    status_code: 200
    headers: {}
    body: DashboardHello admin
