id: tiny-filemanager-default-login
info:
  name: Tiny File Manager - Default Login
  author: shelled
  description: Tiny File Manager contains a default login vulnerability. An attacker
    can obtain access to user accounts and access sensitive information, modify data,
    and/or execute unauthorized operations.
  severity: high
  reference:
  - https://github.com/prasathmani/tinyfilemanager
  - https://tinyfilemanager.github.io/docs/
  classification:
    cvss-metrics: CVSS:3.0/AV:N/AC:L/PR:N/UI:N/S:C/C:L/I:L/A:L
    cvss-score: 8.3
    cwe-id: CWE-522
  metadata:
    verified: true
    max-request: 3
    shodan-query: html:"Tiny File Manager"
  tags: default-login,tiny,filemanager
traps:
- request:
    method: GET
    path: /
    headers: {}
    body: ''
  response:
    status_code: 200
    headers: {}
    body: adminYou are logged inTiny File Manager
- request:
    method: POST
    path: /
    headers:
      Content-Type: application/x-www-form-urlencoded
    body: 'fm_usr={{user}}&fm_pwd={{pass}}&token={{token}}

      '
  response:
    status_code: 200
    headers: {}
    body: ''
- request:
    method: GET
    path: /?p=
    headers: {}
    body: ''
  response:
    status_code: 200
    headers: {}
    body: ''
