id: hikivision-env
info:
  name: Hikvision Springboot Env Actuator - Detect
  author: SleepingBag945
  description: 'The HIKVISION comprehensive security management platform has information
    leakage vulnerabilities, through which attackers can obtain sensitive information
    such as environment env for further attacks

    '
  severity: high
  reference:
  - https://github.com/PeiQi0/PeiQi-WIKI-Book/blob/main/docs/wiki/iot/HIKVISION/HiKVISION%20%E7%BB%BC%E5%90%88%E5%AE%89%E9%98%B2%E7%AE%A1%E7%90%86%E5%B9%B3%E5%8F%B0%20env%20%E4%BF%A1%E6%81%AF%E6%B3%84%E6%BC%8F%E6%BC%8F%E6%B4%9E.md
  - https://peiqi.wgpsec.org/wiki/iot/HIKVISION/HiKVISION%20综合安防管理平台%20env%20信息泄漏漏洞.html
  metadata:
    verified: true
    max-request: 5
    shodan-query: app="HIKVISION-综合安防管理平台"
  tags: misconfig,hikivision,springboot,env
traps:
- request:
    method: GET
    path: /artemis/env
    headers: null
    body: null
  response:
    status_code: 200
    headers:
      VulTrap: application/jsonapplication/vnd.spring-boot.actuatorapplication/vnd.spring-boot.actuator.v1+jsonapplication/vnd.spring-boot.actuator.v2+jsonapplication/vnd.spring-boot.actuator.v3+json
    body: applicationConfigactiveProfilesserver.portlocal.server.port
- request:
    method: GET
    path: /artemis-portal/artemis/env
    headers: null
    body: null
  response:
    status_code: 200
    headers: {}
    body: ''
- request:
    method: GET
    path: /artemis/actuator/env
    headers: null
    body: null
  response:
    status_code: 200
    headers: {}
    body: ''
- request:
    method: GET
    path: /artemis;/env;
    headers: null
    body: null
  response:
    status_code: 200
    headers: {}
    body: ''
- request:
    method: GET
    path: /artemis/1/..;/env
    headers: null
    body: null
  response:
    status_code: 200
    headers: {}
    body: ''
